--------------------------------------------------------------------------------
Release 14.7 Trace  (nt64)
Copyright (c) 1995-2013 Xilinx, Inc.  All rights reserved.

C:\Xilinx\14.7\ISE_DS\ISE\bin\nt64\unwrapped\trce.exe -intstyle ise -v 3 -s 4
-n 3 -fastpaths -xml fiftheen_bit_adder.twx fiftheen_bit_adder.ncd -o
fiftheen_bit_adder.twr fiftheen_bit_adder.pcf

Design file:              fiftheen_bit_adder.ncd
Physical constraint file: fiftheen_bit_adder.pcf
Device,package,speed:     xc3s100e,tq144,-4 (PRODUCTION 1.27 2013-10-13)
Report level:             verbose report

Environment Variable      Effect 
--------------------      ------ 
NONE                      No environment variables were set
--------------------------------------------------------------------------------

INFO:Timing:2698 - No timing constraints found, doing default enumeration.
INFO:Timing:3412 - To improve timing, see the Timing Closure User Guide (UG612).
INFO:Timing:2752 - To get complete path coverage, use the unconstrained paths 
   option. All paths that are not constrained will be reported in the 
   unconstrained paths section(s) of the report.
INFO:Timing:3339 - The clock-to-out numbers in this timing report are based on 
   a 50 Ohm transmission line loading model.  For the details of this model, 
   and for more information on accounting for different loading conditions, 
   please see the device datasheet.
INFO:Timing:3390 - This architecture does not support a default System Jitter 
   value, please add SYSTEM_JITTER constraint to the UCF to modify the Clock 
   Uncertainty calculation.
INFO:Timing:3389 - This architecture does not support 'Discrete Jitter' and 
   'Phase Error' calculations, these terms will be zero in the Clock 
   Uncertainty calculation.  Please make appropriate modification to 
   SYSTEM_JITTER to account for the unsupported Discrete Jitter and Phase 
   Error.



Data Sheet report:
-----------------
All values displayed in nanoseconds (ns)

Pad to Pad
---------------+---------------+---------+
Source Pad     |Destination Pad|  Delay  |
---------------+---------------+---------+
A<0>           |Carry          |   21.580|
A<0>           |S<0>           |    6.540|
A<0>           |S<1>           |    7.908|
A<0>           |S<2>           |    9.866|
A<0>           |S<3>           |   10.769|
A<0>           |S<4>           |   11.609|
A<0>           |S<5>           |   14.014|
A<0>           |S<6>           |   13.970|
A<0>           |S<7>           |   15.222|
A<0>           |S<8>           |   17.358|
A<0>           |S<9>           |   18.028|
A<0>           |S<10>          |   18.489|
A<0>           |S<11>          |   19.063|
A<0>           |S<12>          |   19.831|
A<0>           |S<13>          |   20.372|
A<0>           |S<14>          |   21.745|
A<0>           |V              |   20.902|
A<1>           |Carry          |   19.746|
A<1>           |S<1>           |    6.787|
A<1>           |S<2>           |    8.032|
A<1>           |S<3>           |    8.935|
A<1>           |S<4>           |    9.775|
A<1>           |S<5>           |   12.180|
A<1>           |S<6>           |   12.136|
A<1>           |S<7>           |   13.388|
A<1>           |S<8>           |   15.524|
A<1>           |S<9>           |   16.194|
A<1>           |S<10>          |   16.655|
A<1>           |S<11>          |   17.229|
A<1>           |S<12>          |   17.997|
A<1>           |S<13>          |   18.538|
A<1>           |S<14>          |   19.911|
A<1>           |V              |   19.068|
A<2>           |Carry          |   18.879|
A<2>           |S<2>           |    7.038|
A<2>           |S<3>           |    8.068|
A<2>           |S<4>           |    8.908|
A<2>           |S<5>           |   11.313|
A<2>           |S<6>           |   11.269|
A<2>           |S<7>           |   12.521|
A<2>           |S<8>           |   14.657|
A<2>           |S<9>           |   15.327|
A<2>           |S<10>          |   15.788|
A<2>           |S<11>          |   16.362|
A<2>           |S<12>          |   17.130|
A<2>           |S<13>          |   17.671|
A<2>           |S<14>          |   19.044|
A<2>           |V              |   18.201|
A<3>           |Carry          |   17.586|
A<3>           |S<3>           |    6.568|
A<3>           |S<4>           |    7.615|
A<3>           |S<5>           |   10.020|
A<3>           |S<6>           |    9.976|
A<3>           |S<7>           |   11.228|
A<3>           |S<8>           |   13.364|
A<3>           |S<9>           |   14.034|
A<3>           |S<10>          |   14.495|
A<3>           |S<11>          |   15.069|
A<3>           |S<12>          |   15.837|
A<3>           |S<13>          |   16.378|
A<3>           |S<14>          |   17.751|
A<3>           |V              |   16.908|
A<4>           |Carry          |   17.014|
A<4>           |S<4>           |    7.082|
A<4>           |S<5>           |    9.448|
A<4>           |S<6>           |    9.404|
A<4>           |S<7>           |   10.656|
A<4>           |S<8>           |   12.792|
A<4>           |S<9>           |   13.462|
A<4>           |S<10>          |   13.923|
A<4>           |S<11>          |   14.497|
A<4>           |S<12>          |   15.265|
A<4>           |S<13>          |   15.806|
A<4>           |S<14>          |   17.179|
A<4>           |V              |   16.336|
A<5>           |Carry          |   15.530|
A<5>           |S<5>           |    7.684|
A<5>           |S<6>           |    7.920|
A<5>           |S<7>           |    9.172|
A<5>           |S<8>           |   11.308|
A<5>           |S<9>           |   11.978|
A<5>           |S<10>          |   12.439|
A<5>           |S<11>          |   13.013|
A<5>           |S<12>          |   13.781|
A<5>           |S<13>          |   14.322|
A<5>           |S<14>          |   15.695|
A<5>           |V              |   14.852|
A<6>           |Carry          |   15.306|
A<6>           |S<6>           |    7.641|
A<6>           |S<7>           |    8.948|
A<6>           |S<8>           |   11.084|
A<6>           |S<9>           |   11.754|
A<6>           |S<10>          |   12.215|
A<6>           |S<11>          |   12.789|
A<6>           |S<12>          |   13.557|
A<6>           |S<13>          |   14.098|
A<6>           |S<14>          |   15.471|
A<6>           |V              |   14.628|
A<7>           |Carry          |   13.524|
A<7>           |S<7>           |    7.622|
A<7>           |S<8>           |    9.302|
A<7>           |S<9>           |    9.972|
A<7>           |S<10>          |   10.433|
A<7>           |S<11>          |   11.007|
A<7>           |S<12>          |   11.775|
A<7>           |S<13>          |   12.316|
A<7>           |S<14>          |   13.689|
A<7>           |V              |   12.846|
A<8>           |Carry          |   13.148|
A<8>           |S<8>           |    6.780|
A<8>           |S<9>           |    9.596|
A<8>           |S<10>          |   10.057|
A<8>           |S<11>          |   10.631|
A<8>           |S<12>          |   11.399|
A<8>           |S<13>          |   11.940|
A<8>           |S<14>          |   13.313|
A<8>           |V              |   12.470|
A<9>           |Carry          |   12.388|
A<9>           |S<9>           |    7.015|
A<9>           |S<10>          |    9.297|
A<9>           |S<11>          |    9.871|
A<9>           |S<12>          |   10.639|
A<9>           |S<13>          |   11.180|
A<9>           |S<14>          |   12.553|
A<9>           |V              |   11.710|
A<10>          |Carry          |   11.521|
A<10>          |S<10>          |    7.079|
A<10>          |S<11>          |    9.004|
A<10>          |S<12>          |    9.772|
A<10>          |S<13>          |   10.313|
A<10>          |S<14>          |   11.686|
A<10>          |V              |   10.843|
A<11>          |Carry          |   10.670|
A<11>          |S<11>          |    6.818|
A<11>          |S<12>          |    8.921|
A<11>          |S<13>          |    9.462|
A<11>          |S<14>          |   10.835|
A<11>          |V              |    9.992|
A<12>          |Carry          |    9.164|
A<12>          |S<12>          |    7.056|
A<12>          |S<13>          |    7.956|
A<12>          |S<14>          |    9.329|
A<12>          |V              |    8.486|
A<13>          |Carry          |    8.100|
A<13>          |S<13>          |    6.685|
A<13>          |S<14>          |    8.265|
A<13>          |V              |    7.422|
A<14>          |Carry          |    7.391|
A<14>          |S<14>          |    7.501|
A<14>          |V              |    6.658|
B<0>           |Carry          |   21.189|
B<0>           |S<0>           |    6.591|
B<0>           |S<1>           |    7.517|
B<0>           |S<2>           |    9.475|
B<0>           |S<3>           |   10.378|
B<0>           |S<4>           |   11.218|
B<0>           |S<5>           |   13.623|
B<0>           |S<6>           |   13.579|
B<0>           |S<7>           |   14.831|
B<0>           |S<8>           |   16.967|
B<0>           |S<9>           |   17.637|
B<0>           |S<10>          |   18.098|
B<0>           |S<11>          |   18.672|
B<0>           |S<12>          |   19.440|
B<0>           |S<13>          |   19.981|
B<0>           |S<14>          |   21.354|
B<0>           |V              |   20.511|
B<1>           |Carry          |   20.501|
B<1>           |S<1>           |    8.428|
B<1>           |S<2>           |    8.787|
B<1>           |S<3>           |    9.690|
B<1>           |S<4>           |   10.530|
B<1>           |S<5>           |   12.935|
B<1>           |S<6>           |   12.891|
B<1>           |S<7>           |   14.143|
B<1>           |S<8>           |   16.279|
B<1>           |S<9>           |   16.949|
B<1>           |S<10>          |   17.410|
B<1>           |S<11>          |   17.984|
B<1>           |S<12>          |   18.752|
B<1>           |S<13>          |   19.293|
B<1>           |S<14>          |   20.666|
B<1>           |V              |   19.823|
B<2>           |Carry          |   19.615|
B<2>           |S<2>           |    7.956|
B<2>           |S<3>           |    8.804|
B<2>           |S<4>           |    9.644|
B<2>           |S<5>           |   12.049|
B<2>           |S<6>           |   12.005|
B<2>           |S<7>           |   13.257|
B<2>           |S<8>           |   15.393|
B<2>           |S<9>           |   16.063|
B<2>           |S<10>          |   16.524|
B<2>           |S<11>          |   17.098|
B<2>           |S<12>          |   17.866|
B<2>           |S<13>          |   18.407|
B<2>           |S<14>          |   19.780|
B<2>           |V              |   18.937|
B<3>           |Carry          |   18.037|
B<3>           |S<3>           |    7.171|
B<3>           |S<4>           |    8.066|
B<3>           |S<5>           |   10.471|
B<3>           |S<6>           |   10.427|
B<3>           |S<7>           |   11.679|
B<3>           |S<8>           |   13.815|
B<3>           |S<9>           |   14.485|
B<3>           |S<10>          |   14.946|
B<3>           |S<11>          |   15.520|
B<3>           |S<12>          |   16.288|
B<3>           |S<13>          |   16.829|
B<3>           |S<14>          |   18.202|
B<3>           |V              |   17.359|
B<4>           |Carry          |   18.026|
B<4>           |S<4>           |    7.913|
B<4>           |S<5>           |   10.460|
B<4>           |S<6>           |   10.416|
B<4>           |S<7>           |   11.668|
B<4>           |S<8>           |   13.804|
B<4>           |S<9>           |   14.474|
B<4>           |S<10>          |   14.935|
B<4>           |S<11>          |   15.509|
B<4>           |S<12>          |   16.277|
B<4>           |S<13>          |   16.818|
B<4>           |S<14>          |   18.191|
B<4>           |V              |   17.348|
B<5>           |Carry          |   16.511|
B<5>           |S<5>           |    8.042|
B<5>           |S<6>           |    8.901|
B<5>           |S<7>           |   10.153|
B<5>           |S<8>           |   12.289|
B<5>           |S<9>           |   12.959|
B<5>           |S<10>          |   13.420|
B<5>           |S<11>          |   13.994|
B<5>           |S<12>          |   14.762|
B<5>           |S<13>          |   15.303|
B<5>           |S<14>          |   16.676|
B<5>           |V              |   15.833|
B<6>           |Carry          |   15.128|
B<6>           |S<6>           |    7.336|
B<6>           |S<7>           |    8.770|
B<6>           |S<8>           |   10.906|
B<6>           |S<9>           |   11.576|
B<6>           |S<10>          |   12.037|
B<6>           |S<11>          |   12.611|
B<6>           |S<12>          |   13.379|
B<6>           |S<13>          |   13.920|
B<6>           |S<14>          |   15.293|
B<6>           |V              |   14.450|
B<7>           |Carry          |   13.995|
B<7>           |S<7>           |    7.636|
B<7>           |S<8>           |    9.773|
B<7>           |S<9>           |   10.443|
B<7>           |S<10>          |   10.904|
B<7>           |S<11>          |   11.478|
B<7>           |S<12>          |   12.246|
B<7>           |S<13>          |   12.787|
B<7>           |S<14>          |   14.160|
B<7>           |V              |   13.317|
B<8>           |Carry          |   13.738|
B<8>           |S<8>           |    8.216|
B<8>           |S<9>           |   10.186|
B<8>           |S<10>          |   10.647|
B<8>           |S<11>          |   11.221|
B<8>           |S<12>          |   11.989|
B<8>           |S<13>          |   12.530|
B<8>           |S<14>          |   13.903|
B<8>           |V              |   13.060|
B<9>           |Carry          |   12.056|
B<9>           |S<9>           |    8.446|
B<9>           |S<10>          |    8.965|
B<9>           |S<11>          |    9.539|
B<9>           |S<12>          |   10.307|
B<9>           |S<13>          |   10.848|
B<9>           |S<14>          |   12.221|
B<9>           |V              |   11.378|
B<10>          |Carry          |   10.912|
B<10>          |S<10>          |    7.478|
B<10>          |S<11>          |    8.395|
B<10>          |S<12>          |    9.163|
B<10>          |S<13>          |    9.704|
B<10>          |S<14>          |   11.077|
B<10>          |V              |   10.234|
B<11>          |Carry          |   11.038|
B<11>          |S<11>          |    7.625|
B<11>          |S<12>          |    9.289|
B<11>          |S<13>          |    9.830|
B<11>          |S<14>          |   11.203|
B<11>          |V              |   10.360|
B<12>          |Carry          |   10.235|
B<12>          |S<12>          |    8.234|
B<12>          |S<13>          |    9.027|
B<12>          |S<14>          |   10.400|
B<12>          |V              |    9.557|
B<13>          |Carry          |    8.135|
B<13>          |S<13>          |    6.763|
B<13>          |S<14>          |    8.300|
B<13>          |V              |    7.457|
B<14>          |Carry          |    7.154|
B<14>          |S<14>          |    7.446|
B<14>          |V              |    6.603|
C0             |Carry          |   21.331|
C0             |S<1>           |    7.659|
C0             |S<2>           |    9.617|
C0             |S<3>           |   10.520|
C0             |S<4>           |   11.360|
C0             |S<5>           |   13.765|
C0             |S<6>           |   13.721|
C0             |S<7>           |   14.973|
C0             |S<8>           |   17.109|
C0             |S<9>           |   17.779|
C0             |S<10>          |   18.240|
C0             |S<11>          |   18.814|
C0             |S<12>          |   19.582|
C0             |S<13>          |   20.123|
C0             |S<14>          |   21.496|
C0             |V              |   20.653|
---------------+---------------+---------+


Analysis completed Thu Nov 14 23:05:57 2019 
--------------------------------------------------------------------------------

Trace Settings:
-------------------------
Trace Settings 

Peak Memory Usage: 4487 MB



