Release 14.7 - xst P.20131013 (nt64)
Copyright (c) 1995-2013 Xilinx, Inc.  All rights reserved.
--> Parameter TMPDIR set to xst/projnav.tmp


Total REAL time to Xst completion: 1.00 secs
Total CPU time to Xst completion: 0.16 secs
 
--> Parameter xsthdpdir set to xst


Total REAL time to Xst completion: 1.00 secs
Total CPU time to Xst completion: 0.16 secs
 
--> Reading design: fiftheen_bit_adder.prj

TABLE OF CONTENTS
  1) Synthesis Options Summary
  2) HDL Compilation
  3) Design Hierarchy Analysis
  4) HDL Analysis
  5) HDL Synthesis
     5.1) HDL Synthesis Report
  6) Advanced HDL Synthesis
     6.1) Advanced HDL Synthesis Report
  7) Low Level Synthesis
  8) Partition Report
  9) Final Report
	9.1) Device utilization summary
	9.2) Partition Resource Summary
	9.3) TIMING REPORT


=========================================================================
*                      Synthesis Options Summary                        *
=========================================================================
---- Source Parameters
Input File Name                    : "fiftheen_bit_adder.prj"
Input Format                       : mixed
Ignore Synthesis Constraint File   : NO

---- Target Parameters
Output File Name                   : "fiftheen_bit_adder"
Output Format                      : NGC
Target Device                      : xc3s100e-4-tq144

---- Source Options
Top Module Name                    : fiftheen_bit_adder
Automatic FSM Extraction           : YES
FSM Encoding Algorithm             : Auto
Safe Implementation                : No
FSM Style                          : LUT
RAM Extraction                     : Yes
RAM Style                          : Auto
ROM Extraction                     : Yes
Mux Style                          : Auto
Decoder Extraction                 : YES
Priority Encoder Extraction        : Yes
Shift Register Extraction          : YES
Logical Shifter Extraction         : YES
XOR Collapsing                     : YES
ROM Style                          : Auto
Mux Extraction                     : Yes
Resource Sharing                   : YES
Asynchronous To Synchronous        : NO
Multiplier Style                   : Auto
Automatic Register Balancing       : No

---- Target Options
Add IO Buffers                     : YES
Global Maximum Fanout              : 500
Add Generic Clock Buffer(BUFG)     : 24
Register Duplication               : YES
Slice Packing                      : YES
Optimize Instantiated Primitives   : NO
Use Clock Enable                   : Yes
Use Synchronous Set                : Yes
Use Synchronous Reset              : Yes
Pack IO Registers into IOBs        : Auto
Equivalent register Removal        : YES

---- General Options
Optimization Goal                  : Speed
Optimization Effort                : 1
Keep Hierarchy                     : No
Netlist Hierarchy                  : As_Optimized
RTL Output                         : Yes
Global Optimization                : AllClockNets
Read Cores                         : YES
Write Timing Constraints           : NO
Cross Clock Analysis               : NO
Hierarchy Separator                : /
Bus Delimiter                      : <>
Case Specifier                     : Maintain
Slice Utilization Ratio            : 100
BRAM Utilization Ratio             : 100
Verilog 2001                       : YES
Auto BRAM Packing                  : NO
Slice Utilization Ratio Delta      : 5

=========================================================================


=========================================================================
*                          HDL Compilation                              *
=========================================================================
Compiling verilog file "full_adder.v" in library work
Compiling verilog file "fiftheen_bit_adder.v" in library work
Module <full_adder> compiled
Module <fiftheen_bit_adder> compiled
No errors in compilation
Analysis of file <"fiftheen_bit_adder.prj"> succeeded.
 

=========================================================================
*                     Design Hierarchy Analysis                         *
=========================================================================
Analyzing hierarchy for module <fiftheen_bit_adder> in library <work>.

Analyzing hierarchy for module <full_adder> in library <work>.


=========================================================================
*                            HDL Analysis                               *
=========================================================================
Analyzing top module <fiftheen_bit_adder>.
Module <fiftheen_bit_adder> is correct for synthesis.
 
Analyzing module <full_adder> in library <work>.
Module <full_adder> is correct for synthesis.
 

=========================================================================
*                           HDL Synthesis                               *
=========================================================================

Performing bidirectional port resolution...

Synthesizing Unit <full_adder>.
    Related source file is "full_adder.v".
    Found 1-bit xor2 for signal <S>.
    Found 1-bit xor2 for signal <w1>.
Unit <full_adder> synthesized.


Synthesizing Unit <fiftheen_bit_adder>.
    Related source file is "fiftheen_bit_adder.v".
    Found 1-bit xor2 for signal <V>.
    Found 1-bit xor2 for signal <b0>.
    Found 1-bit xor2 for signal <b1>.
    Found 1-bit xor2 for signal <b10>.
    Found 1-bit xor2 for signal <b11>.
    Found 1-bit xor2 for signal <b12>.
    Found 1-bit xor2 for signal <b13>.
    Found 1-bit xor2 for signal <b14>.
    Found 1-bit xor2 for signal <b2>.
    Found 1-bit xor2 for signal <b3>.
    Found 1-bit xor2 for signal <b4>.
    Found 1-bit xor2 for signal <b5>.
    Found 1-bit xor2 for signal <b6>.
    Found 1-bit xor2 for signal <b7>.
    Found 1-bit xor2 for signal <b8>.
    Found 1-bit xor2 for signal <b9>.
Unit <fiftheen_bit_adder> synthesized.


=========================================================================
HDL Synthesis Report

Macro Statistics
# Xors                                                 : 46
 1-bit xor2                                            : 46

=========================================================================

=========================================================================
*                       Advanced HDL Synthesis                          *
=========================================================================


=========================================================================
Advanced HDL Synthesis Report

Macro Statistics
# Xors                                                 : 46
 1-bit xor2                                            : 46

=========================================================================

=========================================================================
*                         Low Level Synthesis                           *
=========================================================================

Optimizing unit <fiftheen_bit_adder> ...

Mapping all equations...
Building and optimizing final netlist ...
Found area constraint ratio of 100 (+ 5) on block fiftheen_bit_adder, actual ratio is 1.

Final Macro Processing ...

=========================================================================
Final Register Report

Found no macro
=========================================================================

=========================================================================
*                           Partition Report                            *
=========================================================================

Partition Implementation Status
-------------------------------

  No Partitions were found in this design.

-------------------------------

=========================================================================
*                            Final Report                               *
=========================================================================
Final Results
RTL Top Level Output File Name     : fiftheen_bit_adder.ngr
Top Level Output File Name         : fiftheen_bit_adder
Output Format                      : NGC
Optimization Goal                  : Speed
Keep Hierarchy                     : No

Design Statistics
# IOs                              : 48

Cell Usage :
# BELS                             : 31
#      LUT2                        : 1
#      LUT3                        : 1
#      LUT4                        : 29
# IO Buffers                       : 48
#      IBUF                        : 31
#      OBUF                        : 17
=========================================================================

Device utilization summary:
---------------------------

Selected Device : 3s100etq144-4 

 Number of Slices:                       16  out of    960     1%  
 Number of 4 input LUTs:                 31  out of   1920     1%  
 Number of IOs:                          48
 Number of bonded IOBs:                  48  out of    108    44%  

---------------------------
Partition Resource Summary:
---------------------------

  No Partitions were found in this design.

---------------------------


=========================================================================
TIMING REPORT

NOTE: THESE TIMING NUMBERS ARE ONLY A SYNTHESIS ESTIMATE.
      FOR ACCURATE TIMING INFORMATION PLEASE REFER TO THE TRACE REPORT
      GENERATED AFTER PLACE-and-ROUTE.

Clock Information:
------------------
No clock signals found in this design

Asynchronous Control Signals Information:
----------------------------------------
No asynchronous control signals found in this design

Timing Summary:
---------------
Speed Grade: -4

   Minimum period: No path found
   Minimum input arrival time before clock: No path found
   Maximum output required time after clock: No path found
   Maximum combinational path delay: 23.380ns

Timing Detail:
--------------
All values displayed in nanoseconds (ns)

=========================================================================
Timing constraint: Default path analysis
  Total number of paths / destination ports: 449 / 17
-------------------------------------------------------------------------
Delay:               23.380ns (Levels of Logic = 17)
  Source:            C0 (PAD)
  Destination:       V (PAD)

  Data Path: C0 to V
                                Gate     Net
    Cell:in->out      fanout   Delay   Delay  Logical Name (Net Name)
    ----------------------------------------  ------------
     IBUF:I->O            30   1.218   1.341  C0_IBUF (C0_IBUF)
     LUT3:I1->O            2   0.704   0.451  ad1/Carry1 (c1)
     LUT4:I3->O            2   0.704   0.451  ad2/Carry1 (c2)
     LUT4:I3->O            2   0.704   0.451  ad3/Carry1 (c3)
     LUT4:I3->O            2   0.704   0.451  ad4/Carry1 (c4)
     LUT4:I3->O            2   0.704   0.451  ad5/Carry1 (c5)
     LUT4:I3->O            2   0.704   0.451  ad6/Carry1 (c6)
     LUT4:I3->O            2   0.704   0.451  ad7/Carry1 (c7)
     LUT4:I3->O            2   0.704   0.451  ad8/Carry1 (c8)
     LUT4:I3->O            2   0.704   0.451  ad9/Carry1 (c9)
     LUT4:I3->O            2   0.704   0.451  ad10/Carry1 (c10)
     LUT4:I3->O            2   0.704   0.451  ad11/Carry1 (c11)
     LUT4:I3->O            2   0.704   0.451  ad12/Carry1 (c12)
     LUT4:I3->O            2   0.704   0.451  ad13/Carry1 (c13)
     LUT4:I3->O            3   0.704   0.706  ad14/Carry1 (c14)
     LUT4:I0->O            1   0.704   0.420  Mxor_V_Result1 (V_OBUF)
     OBUF:I->O                 3.272          V_OBUF (V)
    ----------------------------------------
    Total                     23.380ns (15.050ns logic, 8.330ns route)
                                       (64.4% logic, 35.6% route)

=========================================================================


Total REAL time to Xst completion: 6.00 secs
Total CPU time to Xst completion: 5.23 secs
 
--> 

Total memory usage is 4505728 kilobytes

Number of errors   :    0 (   0 filtered)
Number of warnings :    0 (   0 filtered)
Number of infos    :    0 (   0 filtered)

