--------------------------------------------------------------------------------
Release 14.7 Trace  (nt64)
Copyright (c) 1995-2013 Xilinx, Inc.  All rights reserved.

C:\Xilinx\14.7\ISE_DS\ISE\bin\nt64\unwrapped\trce.exe -intstyle ise -v 3 -s 4
-n 3 -fastpaths -xml hybrid_cla.twx hybrid_cla.ncd -o hybrid_cla.twr
hybrid_cla.pcf

Design file:              hybrid_cla.ncd
Physical constraint file: hybrid_cla.pcf
Device,package,speed:     xc3s100e,tq144,-4 (PRODUCTION 1.27 2013-10-13)
Report level:             verbose report

Environment Variable      Effect 
--------------------      ------ 
NONE                      No environment variables were set
--------------------------------------------------------------------------------

INFO:Timing:2698 - No timing constraints found, doing default enumeration.
INFO:Timing:3412 - To improve timing, see the Timing Closure User Guide (UG612).
INFO:Timing:2752 - To get complete path coverage, use the unconstrained paths 
   option. All paths that are not constrained will be reported in the 
   unconstrained paths section(s) of the report.
INFO:Timing:3339 - The clock-to-out numbers in this timing report are based on 
   a 50 Ohm transmission line loading model.  For the details of this model, 
   and for more information on accounting for different loading conditions, 
   please see the device datasheet.
INFO:Timing:3390 - This architecture does not support a default System Jitter 
   value, please add SYSTEM_JITTER constraint to the UCF to modify the Clock 
   Uncertainty calculation.
INFO:Timing:3389 - This architecture does not support 'Discrete Jitter' and 
   'Phase Error' calculations, these terms will be zero in the Clock 
   Uncertainty calculation.  Please make appropriate modification to 
   SYSTEM_JITTER to account for the unsupported Discrete Jitter and Phase 
   Error.



Data Sheet report:
-----------------
All values displayed in nanoseconds (ns)

Pad to Pad
---------------+---------------+---------+
Source Pad     |Destination Pad|  Delay  |
---------------+---------------+---------+
A<0>           |S<0>           |    7.115|
A<0>           |S<1>           |    8.990|
A<0>           |S<2>           |    8.786|
A<0>           |S<3>           |   10.061|
A<0>           |S<4>           |   11.436|
A<0>           |S<5>           |   11.929|
A<0>           |S<6>           |   12.718|
A<0>           |S<7>           |   13.901|
A<0>           |S<8>           |   14.712|
A<0>           |S<9>           |   15.863|
A<0>           |S<10>          |   16.410|
A<0>           |S<11>          |   17.252|
A<0>           |S<12>          |   19.250|
A<1>           |S<1>           |    8.074|
A<1>           |S<2>           |    7.571|
A<1>           |S<3>           |    9.153|
A<1>           |S<4>           |   10.528|
A<1>           |S<5>           |   11.021|
A<1>           |S<6>           |   11.810|
A<1>           |S<7>           |   12.993|
A<1>           |S<8>           |   13.804|
A<1>           |S<9>           |   14.955|
A<1>           |S<10>          |   15.502|
A<1>           |S<11>          |   16.344|
A<1>           |S<12>          |   18.342|
A<2>           |S<2>           |    6.819|
A<2>           |S<3>           |    8.156|
A<2>           |S<4>           |    9.531|
A<2>           |S<5>           |   10.024|
A<2>           |S<6>           |   10.813|
A<2>           |S<7>           |   11.996|
A<2>           |S<8>           |   12.807|
A<2>           |S<9>           |   13.958|
A<2>           |S<10>          |   14.505|
A<2>           |S<11>          |   15.347|
A<2>           |S<12>          |   17.345|
A<3>           |S<3>           |    7.268|
A<3>           |S<4>           |    8.777|
A<3>           |S<5>           |    9.270|
A<3>           |S<6>           |   10.059|
A<3>           |S<7>           |   11.242|
A<3>           |S<8>           |   12.053|
A<3>           |S<9>           |   13.204|
A<3>           |S<10>          |   13.751|
A<3>           |S<11>          |   14.593|
A<3>           |S<12>          |   16.591|
A<4>           |S<4>           |    7.690|
A<4>           |S<5>           |    8.750|
A<4>           |S<6>           |    9.992|
A<4>           |S<7>           |   11.175|
A<4>           |S<8>           |   11.986|
A<4>           |S<9>           |   13.137|
A<4>           |S<10>          |   13.684|
A<4>           |S<11>          |   14.526|
A<4>           |S<12>          |   16.524|
A<5>           |S<5>           |    8.230|
A<5>           |S<6>           |    9.313|
A<5>           |S<7>           |   10.496|
A<5>           |S<8>           |   11.307|
A<5>           |S<9>           |   12.458|
A<5>           |S<10>          |   13.005|
A<5>           |S<11>          |   13.847|
A<5>           |S<12>          |   15.845|
A<6>           |S<6>           |    6.935|
A<6>           |S<7>           |    8.290|
A<6>           |S<8>           |    9.101|
A<6>           |S<9>           |   10.252|
A<6>           |S<10>          |   10.799|
A<6>           |S<11>          |   11.641|
A<6>           |S<12>          |   13.639|
A<7>           |S<7>           |    7.675|
A<7>           |S<8>           |    8.527|
A<7>           |S<9>           |    9.703|
A<7>           |S<10>          |   10.250|
A<7>           |S<11>          |   11.092|
A<7>           |S<12>          |   13.090|
A<8>           |S<8>           |    7.472|
A<8>           |S<9>           |    8.351|
A<8>           |S<10>          |    8.898|
A<8>           |S<11>          |    9.740|
A<8>           |S<12>          |   11.738|
A<9>           |S<9>           |    8.237|
A<9>           |S<10>          |    8.784|
A<9>           |S<11>          |    9.626|
A<9>           |S<12>          |   11.624|
A<10>          |S<10>          |    7.406|
A<10>          |S<11>          |    8.041|
A<10>          |S<12>          |    9.880|
A<11>          |S<11>          |    7.099|
A<11>          |S<12>          |   11.022|
A<12>          |Carry          |    6.564|
A<12>          |S<14>          |    7.815|
A<12>          |V              |    8.137|
A<13>          |Carry          |    7.695|
A<13>          |S<13>          |    8.245|
A<13>          |S<14>          |    8.913|
A<13>          |V              |    9.268|
A<14>          |Carry          |    8.871|
A<14>          |S<12>          |    8.628|
A<14>          |S<13>          |    8.550|
A<14>          |S<14>          |    9.142|
A<14>          |V              |   10.444|
B<0>           |S<0>           |    7.751|
B<0>           |S<1>           |    9.694|
B<0>           |S<2>           |    9.490|
B<0>           |S<3>           |   10.765|
B<0>           |S<4>           |   12.140|
B<0>           |S<5>           |   12.633|
B<0>           |S<6>           |   13.422|
B<0>           |S<7>           |   14.605|
B<0>           |S<8>           |   15.416|
B<0>           |S<9>           |   16.567|
B<0>           |S<10>          |   17.114|
B<0>           |S<11>          |   17.956|
B<0>           |S<12>          |   19.954|
B<1>           |S<1>           |    8.380|
B<1>           |S<2>           |    8.001|
B<1>           |S<3>           |   10.177|
B<1>           |S<4>           |   11.552|
B<1>           |S<5>           |   12.045|
B<1>           |S<6>           |   12.834|
B<1>           |S<7>           |   14.017|
B<1>           |S<8>           |   14.828|
B<1>           |S<9>           |   15.979|
B<1>           |S<10>          |   16.526|
B<1>           |S<11>          |   17.368|
B<1>           |S<12>          |   19.366|
B<2>           |S<2>           |    7.237|
B<2>           |S<3>           |    9.371|
B<2>           |S<4>           |   10.746|
B<2>           |S<5>           |   11.239|
B<2>           |S<6>           |   12.028|
B<2>           |S<7>           |   13.211|
B<2>           |S<8>           |   14.022|
B<2>           |S<9>           |   15.173|
B<2>           |S<10>          |   15.720|
B<2>           |S<11>          |   16.562|
B<2>           |S<12>          |   18.560|
B<3>           |S<3>           |    7.896|
B<3>           |S<4>           |    9.382|
B<3>           |S<5>           |    9.875|
B<3>           |S<6>           |   10.664|
B<3>           |S<7>           |   11.847|
B<3>           |S<8>           |   12.658|
B<3>           |S<9>           |   13.809|
B<3>           |S<10>          |   14.356|
B<3>           |S<11>          |   15.198|
B<3>           |S<12>          |   17.196|
B<4>           |S<4>           |    8.395|
B<4>           |S<5>           |    9.052|
B<4>           |S<6>           |    9.720|
B<4>           |S<7>           |   10.903|
B<4>           |S<8>           |   11.714|
B<4>           |S<9>           |   12.865|
B<4>           |S<10>          |   13.412|
B<4>           |S<11>          |   14.254|
B<4>           |S<12>          |   16.252|
B<5>           |S<5>           |    8.214|
B<5>           |S<6>           |    9.106|
B<5>           |S<7>           |   10.289|
B<5>           |S<8>           |   11.100|
B<5>           |S<9>           |   12.251|
B<5>           |S<10>          |   12.798|
B<5>           |S<11>          |   13.640|
B<5>           |S<12>          |   15.638|
B<6>           |S<6>           |    6.886|
B<6>           |S<7>           |    8.327|
B<6>           |S<8>           |    9.138|
B<6>           |S<9>           |   10.289|
B<6>           |S<10>          |   10.836|
B<6>           |S<11>          |   11.678|
B<6>           |S<12>          |   13.676|
B<7>           |S<7>           |    7.710|
B<7>           |S<8>           |    8.575|
B<7>           |S<9>           |    9.791|
B<7>           |S<10>          |   10.338|
B<7>           |S<11>          |   11.180|
B<7>           |S<12>          |   13.178|
B<8>           |S<8>           |    7.742|
B<8>           |S<9>           |    8.942|
B<8>           |S<10>          |    9.489|
B<8>           |S<11>          |   10.331|
B<8>           |S<12>          |   12.329|
B<9>           |S<9>           |    8.355|
B<9>           |S<10>          |    8.902|
B<9>           |S<11>          |    9.744|
B<9>           |S<12>          |   11.742|
B<10>          |S<10>          |    8.134|
B<10>          |S<11>          |    8.921|
B<10>          |S<12>          |   11.098|
B<11>          |S<11>          |    7.766|
B<11>          |S<12>          |   11.364|
B<12>          |Carry          |    7.502|
B<12>          |S<14>          |    8.757|
B<12>          |V              |    9.075|
B<13>          |Carry          |    8.017|
B<13>          |S<13>          |    8.594|
B<13>          |S<14>          |   10.060|
B<13>          |V              |    9.590|
B<14>          |Carry          |    8.815|
B<14>          |S<12>          |    8.504|
B<14>          |S<13>          |    8.494|
B<14>          |S<14>          |    9.086|
B<14>          |V              |   10.388|
C0             |Carry          |    9.091|
C0             |S<1>           |   11.399|
C0             |S<2>           |   11.195|
C0             |S<3>           |   12.470|
C0             |S<4>           |   13.845|
C0             |S<5>           |   14.338|
C0             |S<6>           |   15.127|
C0             |S<7>           |   16.310|
C0             |S<8>           |   17.121|
C0             |S<9>           |   18.272|
C0             |S<10>          |   18.819|
C0             |S<11>          |   19.661|
C0             |S<12>          |   21.659|
C0             |S<13>          |    8.770|
C0             |S<14>          |    9.362|
C0             |V              |   10.664|
---------------+---------------+---------+


Analysis completed Fri Nov 15 01:13:50 2019 
--------------------------------------------------------------------------------

Trace Settings:
-------------------------
Trace Settings 

Peak Memory Usage: 4504 MB



